[32m2026-07-25 17:08:37 -0500[0m - dagster - [34mDEBUG[0m - dbt_star_schema_job - ba45b4b7-4a03-41c2-a46d-5fcede6f1bdb - 67885 - LOGS_CAPTURED - Capturing logs for process (pid: 67885).
[32m2026-07-25 17:08:37 -0500[0m - dagster - [34mDEBUG[0m - dbt_star_schema_job - ba45b4b7-4a03-41c2-a46d-5fcede6f1bdb - 67885 - dbt_build_star_schema - STEP_START - Started execution of step "dbt_build_star_schema".
[32m2026-07-25 17:08:37 -0500[0m - dagster - [34mINFO[0m - dbt_star_schema_job - ba45b4b7-4a03-41c2-a46d-5fcede6f1bdb - dbt_build_star_schema - Starting DBT Build for models: dim_events, dim_teams, dim_players, dim_agents, dim_maps, dim_matches, fact_match_overall_stats, fact_match_performance, fact_match_economy
[32m2026-07-25 17:08:39 -0500[0m - dagster - [34mINFO[0m - dbt_star_schema_job - ba45b4b7-4a03-41c2-a46d-5fcede6f1bdb - dbt_build_star_schema - [0m22:08:39  Running with dbt=1.11.11
[32m2026-07-25 17:08:39 -0500[0m - dagster - [34mINFO[0m - dbt_star_schema_job - ba45b4b7-4a03-41c2-a46d-5fcede6f1bdb - dbt_build_star_schema - [0m22:08:39  Registered adapter: postgres=1.10.1
[32m2026-07-25 17:08:39 -0500[0m - dagster - [34mINFO[0m - dbt_star_schema_job - ba45b4b7-4a03-41c2-a46d-5fcede6f1bdb - dbt_build_star_schema - [0m22:08:39  [[33mWARNING[0m]: Configuration paths exist in your dbt_project.yml file which do not apply to any resources.
[32m2026-07-25 17:08:39 -0500[0m - dagster - [34mINFO[0m - dbt_star_schema_job - ba45b4b7-4a03-41c2-a46d-5fcede6f1bdb - dbt_build_star_schema - There are 1 unused configuration paths:
[32m2026-07-25 17:08:39 -0500[0m - dagster - [34mINFO[0m - dbt_star_schema_job - ba45b4b7-4a03-41c2-a46d-5fcede6f1bdb - dbt_build_star_schema - - models.valorant_stats.staging
[32m2026-07-25 17:08:40 -0500[0m - dagster - [34mINFO[0m - dbt_star_schema_job - ba45b4b7-4a03-41c2-a46d-5fcede6f1bdb - dbt_build_star_schema - [0m22:08:40  Found 10 models, 475 macros
[32m2026-07-25 17:08:40 -0500[0m - dagster - [34mINFO[0m - dbt_star_schema_job - ba45b4b7-4a03-41c2-a46d-5fcede6f1bdb - dbt_build_star_schema - [0m22:08:40
[32m2026-07-25 17:08:40 -0500[0m - dagster - [34mINFO[0m - dbt_star_schema_job - ba45b4b7-4a03-41c2-a46d-5fcede6f1bdb - dbt_build_star_schema - [0m22:08:40  Concurrency: 4 threads (target='dev')
[32m2026-07-25 17:08:40 -0500[0m - dagster - [34mINFO[0m - dbt_star_schema_job - ba45b4b7-4a03-41c2-a46d-5fcede6f1bdb - dbt_build_star_schema - [0m22:08:40
[32m2026-07-25 17:08:41 -0500[0m - dagster - [34mINFO[0m - dbt_star_schema_job - ba45b4b7-4a03-41c2-a46d-5fcede6f1bdb - dbt_build_star_schema - [0m22:08:41  1 of 9 START sql table model analytics.dim_agents .............................. [RUN]
[32m2026-07-25 17:08:41 -0500[0m - dagster - [34mINFO[0m - dbt_star_schema_job - ba45b4b7-4a03-41c2-a46d-5fcede6f1bdb - dbt_build_star_schema - [0m22:08:41  3 of 9 START sql table model analytics.dim_maps ................................ [RUN]
[32m2026-07-25 17:08:41 -0500[0m - dagster - [34mINFO[0m - dbt_star_schema_job - ba45b4b7-4a03-41c2-a46d-5fcede6f1bdb - dbt_build_star_schema - [0m22:08:41  4 of 9 START sql table model analytics.dim_matches ............................. [RUN]
[32m2026-07-25 17:08:41 -0500[0m - dagster - [34mINFO[0m - dbt_star_schema_job - ba45b4b7-4a03-41c2-a46d-5fcede6f1bdb - dbt_build_star_schema - [0m22:08:41  2 of 9 START sql table model analytics.dim_events .............................. [RUN]
[32m2026-07-25 17:08:41 -0500[0m - dagster - [34mINFO[0m - dbt_star_schema_job - ba45b4b7-4a03-41c2-a46d-5fcede6f1bdb - dbt_build_star_schema - [0m22:08:41  2 of 9 OK created sql table model analytics.dim_events ......................... [[32mSELECT 0[0m in 0.64s]
[32m2026-07-25 17:08:41 -0500[0m - dagster - [34mINFO[0m - dbt_star_schema_job - ba45b4b7-4a03-41c2-a46d-5fcede6f1bdb - dbt_build_star_schema - [0m22:08:41  3 of 9 OK created sql table model analytics.dim_maps ........................... [[32mSELECT 0[0m in 0.64s]
[32m2026-07-25 17:08:41 -0500[0m - dagster - [34mINFO[0m - dbt_star_schema_job - ba45b4b7-4a03-41c2-a46d-5fcede6f1bdb - dbt_build_star_schema - [0m22:08:41  4 of 9 OK created sql table model analytics.dim_matches ........................ [[32mSELECT 0[0m in 0.64s]
[32m2026-07-25 17:08:41 -0500[0m - dagster - [34mINFO[0m - dbt_star_schema_job - ba45b4b7-4a03-41c2-a46d-5fcede6f1bdb - dbt_build_star_schema - [0m22:08:41  1 of 9 OK created sql table model analytics.dim_agents ......................... [[32mSELECT 0[0m in 0.64s]
[32m2026-07-25 17:08:41 -0500[0m - dagster - [34mINFO[0m - dbt_star_schema_job - ba45b4b7-4a03-41c2-a46d-5fcede6f1bdb - dbt_build_star_schema - [0m22:08:41  5 of 9 START sql table model analytics.dim_players ............................. [RUN]
[32m2026-07-25 17:08:41 -0500[0m - dagster - [34mINFO[0m - dbt_star_schema_job - ba45b4b7-4a03-41c2-a46d-5fcede6f1bdb - dbt_build_star_schema - [0m22:08:41  6 of 9 START sql table model analytics.dim_teams ............................... [RUN]
[32m2026-07-25 17:08:41 -0500[0m - dagster - [34mINFO[0m - dbt_star_schema_job - ba45b4b7-4a03-41c2-a46d-5fcede6f1bdb - dbt_build_star_schema - [0m22:08:41  7 of 9 START sql table model analytics.fact_match_economy ...................... [RUN]
[32m2026-07-25 17:08:41 -0500[0m - dagster - [34mINFO[0m - dbt_star_schema_job - ba45b4b7-4a03-41c2-a46d-5fcede6f1bdb - dbt_build_star_schema - [0m22:08:41  8 of 9 START sql table model analytics.fact_match_overall_stats ................ [RUN]
[32m2026-07-25 17:08:42 -0500[0m - dagster - [34mINFO[0m - dbt_star_schema_job - ba45b4b7-4a03-41c2-a46d-5fcede6f1bdb - dbt_build_star_schema - [0m22:08:42  7 of 9 OK created sql table model analytics.fact_match_economy ................. [[32mSELECT 0[0m in 0.42s]
[32m2026-07-25 17:08:42 -0500[0m - dagster - [34mINFO[0m - dbt_star_schema_job - ba45b4b7-4a03-41c2-a46d-5fcede6f1bdb - dbt_build_star_schema - [0m22:08:42  9 of 9 START sql table model analytics.fact_match_performance .................. [RUN]
[32m2026-07-25 17:08:42 -0500[0m - dagster - [34mINFO[0m - dbt_star_schema_job - ba45b4b7-4a03-41c2-a46d-5fcede6f1bdb - dbt_build_star_schema - [0m22:08:42  8 of 9 OK created sql table model analytics.fact_match_overall_stats ........... [[32mSELECT 0[0m in 0.43s]
[32m2026-07-25 17:08:42 -0500[0m - dagster - [34mINFO[0m - dbt_star_schema_job - ba45b4b7-4a03-41c2-a46d-5fcede6f1bdb - dbt_build_star_schema - [0m22:08:42  6 of 9 OK created sql table model analytics.dim_teams .......................... [[32mSELECT 0[0m in 0.43s]
[32m2026-07-25 17:08:42 -0500[0m - dagster - [34mINFO[0m - dbt_star_schema_job - ba45b4b7-4a03-41c2-a46d-5fcede6f1bdb - dbt_build_star_schema - [0m22:08:42  5 of 9 OK created sql table model analytics.dim_players ........................ [[32mSELECT 0[0m in 0.44s]
[32m2026-07-25 17:08:42 -0500[0m - dagster - [34mINFO[0m - dbt_star_schema_job - ba45b4b7-4a03-41c2-a46d-5fcede6f1bdb - dbt_build_star_schema - [0m22:08:42  9 of 9 OK created sql table model analytics.fact_match_performance ............. [[32mSELECT 0[0m in 0.36s]
[32m2026-07-25 17:08:42 -0500[0m - dagster - [34mINFO[0m - dbt_star_schema_job - ba45b4b7-4a03-41c2-a46d-5fcede6f1bdb - dbt_build_star_schema - [0m22:08:42
[32m2026-07-25 17:08:42 -0500[0m - dagster - [34mINFO[0m - dbt_star_schema_job - ba45b4b7-4a03-41c2-a46d-5fcede6f1bdb - dbt_build_star_schema - [0m22:08:42  Finished running 9 table models in 0 hours 0 minutes and 2.82 seconds (2.82s).
[32m2026-07-25 17:08:42 -0500[0m - dagster - [34mINFO[0m - dbt_star_schema_job - ba45b4b7-4a03-41c2-a46d-5fcede6f1bdb - dbt_build_star_schema - [0m22:08:42
[32m2026-07-25 17:08:42 -0500[0m - dagster - [34mINFO[0m - dbt_star_schema_job - ba45b4b7-4a03-41c2-a46d-5fcede6f1bdb - dbt_build_star_schema - [0m22:08:42  [32mCompleted successfully[0m
[32m2026-07-25 17:08:42 -0500[0m - dagster - [34mINFO[0m - dbt_star_schema_job - ba45b4b7-4a03-41c2-a46d-5fcede6f1bdb - dbt_build_star_schema - [0m22:08:42
[32m2026-07-25 17:08:42 -0500[0m - dagster - [34mINFO[0m - dbt_star_schema_job - ba45b4b7-4a03-41c2-a46d-5fcede6f1bdb - dbt_build_star_schema - [0m22:08:42  Done. PASS=9 WARN=0 ERROR=0 SKIP=0 NO-OP=0 TOTAL=9
[32m2026-07-25 17:08:43 -0500[0m - dagster - [34mINFO[0m - dbt_star_schema_job - ba45b4b7-4a03-41c2-a46d-5fcede6f1bdb - dbt_build_star_schema - DBT run completed successfully. Tables created/updated in Supabase!
[32m2026-07-25 17:08:43 -0500[0m - dagster - [34mDEBUG[0m - dbt_star_schema_job - ba45b4b7-4a03-41c2-a46d-5fcede6f1bdb - 67885 - dbt_build_star_schema - STEP_OUTPUT - Yielded output "result" of type "Nothing". (Type check passed).
[32m2026-07-25 17:08:43 -0500[0m - dagster - [34mDEBUG[0m - dbt_star_schema_job - ba45b4b7-4a03-41c2-a46d-5fcede6f1bdb - 67885 - dbt_build_star_schema - ASSET_MATERIALIZATION - Materialized value dbt_build_star_schema.
[32m2026-07-25 17:08:43 -0500[0m - dagster - [34mDEBUG[0m - dbt_star_schema_job - ba45b4b7-4a03-41c2-a46d-5fcede6f1bdb - 67885 - dbt_build_star_schema - STEP_SUCCESS - Finished execution of step "dbt_build_star_schema" in 5.98s.
