2026-07-20 15:47:01 -0500 - dagster - DEBUG - __ASSET_JOB - d276813a-9728-4955-a6c6-76abb9344574 - 48033 - LOGS_CAPTURED - Capturing logs for process (pid: 48033).
2026-07-20 15:47:01 -0500 - dagster - DEBUG - __ASSET_JOB - d276813a-9728-4955-a6c6-76abb9344574 - 48033 - log_select_one_plus_ten_result - STEP_START - Started execution of step "log_select_one_plus_ten_result".
2026-07-20 15:47:02 -0500 - dagster - ERROR - __ASSET_JOB - d276813a-9728-4955-a6c6-76abb9344574 - 48033 - log_select_one_plus_ten_result - STEP_FAILURE - Execution of step "log_select_one_plus_ten_result" failed.

dagster._core.errors.DagsterExecutionStepExecutionError: Error occurred while executing op "log_select_one_plus_ten_result"::

psycopg2.OperationalError: connection to server at "aws-1-us-east-2.pooler.supabase.com" (13.58.13.125), port 5432 failed: FATAL:  (ENOTFOUND) tenant/user postgres.hvlfkctytkmzytvrvpgu not found


Stack Trace:
  File "/Users/karthikgarimella/Github/Valorant/Valorant-Stats/dagster_orchestration/.venv/lib/python3.14/site-packages/dagster/_core/execution/plan/utils.py", line 57, in op_execution_error_boundary
    yield
  File "/Users/karthikgarimella/Github/Valorant/Valorant-Stats/dagster_orchestration/.venv/lib/python3.14/site-packages/dagster/_utils/__init__.py", line 394, in iterate_with_context
    next_output = next(iterator)
  File "/Users/karthikgarimella/Github/Valorant/Valorant-Stats/dagster_orchestration/.venv/lib/python3.14/site-packages/dagster/_core/execution/plan/compute_generator.py", line 136, in _coerce_op_compute_fn_to_iterator
    result = invoke_compute_fn(
        fn, context, kwargs, context_arg_provided, config_arg_class, resource_arg_mapping
    )
  File "/Users/karthikgarimella/Github/Valorant/Valorant-Stats/dagster_orchestration/.venv/lib/python3.14/site-packages/dagster/_core/execution/plan/compute_generator.py", line 116, in invoke_compute_fn
    return fn(context, **args_to_pass) if context_arg_provided else fn(**args_to_pass)
           ~~^^^^^^^^^^^^^^^^^^^^^^^^^
  File "/Users/karthikgarimella/Github/Valorant/Valorant-Stats/dagster_orchestration/src/dagster_orchestration/definitions.py", line 78, in log_select_one_plus_ten_result
    with psycopg2.connect(
         ~~~~~~~~~~~~~~~~^
        host=_get_required_env_var("SUPABASE_DB_HOST"),
        ^^^^^^^^^^^^^^^^^^^^^^^^^^^^^^^^^^^^^^^^^^^^^^^
    ...<4 lines>...
        sslmode=os.getenv("SUPABASE_DB_SSLMODE", "require"),
        ^^^^^^^^^^^^^^^^^^^^^^^^^^^^^^^^^^^^^^^^^^^^^^^^^^^^
    ) as connection:
    ^
  File "/Users/karthikgarimella/Github/Valorant/Valorant-Stats/dagster_orchestration/.venv/lib/python3.14/site-packages/psycopg2/__init__.py", line 122, in connect
    conn = _connect(dsn, connection_factory=connection_factory, **kwasync)

