2026-07-20 16:59:18 -0500 - dagster - DEBUG - __ASSET_JOB - a5a66bc1-5a0d-4348-bfa4-f029606e11a6 - 52565 - LOGS_CAPTURED - Capturing logs for process (pid: 52565).
2026-07-20 16:59:18 -0500 - dagster - DEBUG - __ASSET_JOB - a5a66bc1-5a0d-4348-bfa4-f029606e11a6 - 52565 - log_select_one_plus_ten_result - STEP_START - Started execution of step "log_select_one_plus_ten_result".
2026-07-20 16:59:18 -0500 - dagster - ERROR - __ASSET_JOB - a5a66bc1-5a0d-4348-bfa4-f029606e11a6 - 52565 - log_select_one_plus_ten_result - STEP_FAILURE - Execution of step "log_select_one_plus_ten_result" failed.

dagster._core.errors.DagsterExecutionStepExecutionError: Error occurred while executing op "log_select_one_plus_ten_result"::

psycopg2.errors.UndefinedTable: relation "analytics.select_1_plus_10" does not exist
LINE 1: select result from analytics."select_1_plus_10" limit 1
                           ^


Stack Trace:
  File "/Users/karthikgarimella/Github/Valorant/Valorant-Stats/dagster_orchestration/.venv/lib/python3.14/site-packages/dagster/_core/execution/plan/utils.py", line 57, in op_execution_error_boundary
    yield
  File "/Users/karthikgarimella/Github/Valorant/Valorant-Stats/dagster_orchestration/.venv/lib/python3.14/site-packages/dagster/_utils/__init__.py", line 394, in iterate_with_context
    next_output = next(iterator)
  File "/Users/karthikgarimella/Github/Valorant/Valorant-Stats/dagster_orchestration/.venv/lib/python3.14/site-packages/dagster/_core/execution/plan/compute_generator.py", line 136, in _coerce_op_compute_fn_to_iterator
    result = invoke_compute_fn(
        fn, context, kwargs, context_arg_provided, config_arg_class, resource_arg_mapping
    )
  File "/Users/karthikgarimella/Github/Valorant/Valorant-Stats/dagster_orchestration/.venv/lib/python3.14/site-packages/dagster/_core/execution/plan/compute_generator.py", line 116, in invoke_compute_fn
    return fn(context, **args_to_pass) if context_arg_provided else fn(**args_to_pass)
           ~~^^^^^^^^^^^^^^^^^^^^^^^^^
  File "/Users/karthikgarimella/Github/Valorant/Valorant-Stats/dagster_orchestration/src/dagster_orchestration/definitions.py", line 87, in log_select_one_plus_ten_result
    cursor.execute(sql)
    ~~~~~~~~~~~~~~^^^^^

